
> rest-express@1.0.0 build
> tsx script/build.ts

building client...
[36mvite v7.3.1 [32mbuilding client environment for production...[36m[39m
transforming...
[32m✓[39m 1116 modules transformed.
[31m✗[39m Build failed in 5.43s
[31m[vite:load-fallback] Could not load C:\Users\Toshiba\Desktop\Online-Learning-Plan\client\src/hooks/use-wishlist (imported by client/src/pages/shop.tsx): ENOENT: no such file or directory, open 'C:\Users\Toshiba\Desktop\Online-Learning-Plan\client\src\hooks\use-wishlist'[39m
    at async open (node:internal/fs/promises:637:25)
    at async Object.readFile (node:internal/fs/promises:1269:14)
    at async Object.handler (C:\Users\Toshiba\Desktop\Online-Learning-Plan\node_modules\vite\dist\node\chunks\config.js:33169:21)
    at async PluginDriver.hookFirstAndGetPlugin (C:\Users\Toshiba\Desktop\Online-Learning-Plan\node_modules\rollup\dist\es\shared\node-entry.js:22453:28)
    at async <anonymous> (C:\Users\Toshiba\Desktop\Online-Learning-Plan\node_modules\rollup\dist\es\shared\node-entry.js:21453:33)
    at async Queue.work (C:\Users\Toshiba\Desktop\Online-Learning-Plan\node_modules\rollup\dist\es\shared\node-entry.js:22681:32) {
  errno: -4058,
  code: 'PLUGIN_ERROR',
  syscall: 'open',
  path: 'C:\\Users\\Toshiba\\Desktop\\Online-Learning-Plan\\client\\src\\hooks\\use-wishlist',
  pluginCode: 'ENOENT',
  plugin: 'vite:load-fallback',
  hook: 'load',
  watchFiles: [
    'C:/Users/Toshiba/Desktop/Online-Learning-Plan/client/index.html',
    'C:/Users/Toshiba/Desktop/Online-Learning-Plan/client/src/main.tsx',
    'C:\\Users\\Toshiba\\Desktop\\Online-Learning-Plan\\package.json',
    'C:/Users/Toshiba/Desktop/Online-Learning-Plan/node_modules/react/jsx-runtime.js',
    'C:/Users/Toshiba/Desktop/Online-Learning-Plan/node_modules/react-dom/client.js',
    'C:/Users/Toshiba/Desktop/Online-Learning-Plan/client/src/App.tsx',
    'C:/Users/Toshiba/Desktop/Online-Learning-Plan/client/src/index.css',
    'C:\\Users\\Toshiba\\Desktop\\Online-Learning-Plan\\node_modules\\tailwindcss\\index.css',
    'C:\\Users\\Toshiba\\Desktop\\Online-Learning-Plan\\node_modules\\tw-animate-css\\dist\\tw-animate.css',
    'C:\\Users\\Toshiba\\Desktop\\Online-Learning-Plan\\client\\.env',
    'C:\\Users\\Toshiba\\Desktop\\Online-Learning-Plan\\client\\index.html',
    'C:\\Users\\Toshiba\\Desktop\\Online-Learning-Plan\\client\\src\\App.tsx',
    'C:\\Users\\Toshiba\\Desktop\\Online-Learning-Plan\\client\\src\\components\\FloatingAdminButton.tsx',
    'C:\\Users\\Toshiba\\Desktop\\Online-Learning-Plan\\client\\src\\components\\home\\hero.tsx',
    'C:\\Users\\Toshiba\\Desktop\\Online-Learning-Plan\\client\\src\\components\\layout\\footer.tsx',
    'C:\\Users\\Toshiba\\Desktop\\Online-Learning-Plan\\client\\src\\components\\layout\\navbar.tsx',
    'C:\\Users\\Toshiba\\Desktop\\Online-Learning-Plan\\client\\src\\components\\product\\product-card.tsx',
    'C:\\Users\\Toshiba\\Desktop\\Online-Learning-Plan\\client\\src\\components\\ui\\accordion.tsx',
    'C:\\Users\\Toshiba\\Desktop\\Online-Learning-Plan\\client\\src\\components\\ui\\alert-dialog.tsx',
    'C:\\Users\\Toshiba\\Desktop\\Online-Learning-Plan\\client\\src\\components\\ui\\alert.tsx',
    'C:\\Users\\Toshiba\\Desktop\\Online-Learning-Plan\\client\\src\\components\\ui\\aspect-ratio.tsx',
    'C:\\Users\\Toshiba\\Desktop\\Online-Learning-Plan\\client\\src\\components\\ui\\avatar.tsx',
    'C:\\Users\\Toshiba\\Desktop\\Online-Learning-Plan\\client\\src\\components\\ui\\badge.tsx',
    'C:\\Users\\Toshiba\\Desktop\\Online-Learning-Plan\\client\\src\\components\\ui\\breadcrumb.tsx',
    'C:\\Users\\Toshiba\\Desktop\\Online-Learning-Plan\\client\\src\\components\\ui\\button-group.tsx',
    'C:\\Users\\Toshiba\\Desktop\\Online-Learning-Plan\\client\\src\\components\\ui\\button.tsx',
    'C:\\Users\\Toshiba\\Desktop\\Online-Learning-Plan\\client\\src\\components\\ui\\calendar.tsx',
    'C:\\Users\\Toshiba\\Desktop\\Online-Learning-Plan\\client\\src\\components\\ui\\card.tsx',
    'C:\\Users\\Toshiba\\Desktop\\Online-Learning-Plan\\client\\src\\components\\ui\\carousel.tsx',
    'C:\\Users\\Toshiba\\Desktop\\Online-Learning-Plan\\client\\src\\components\\ui\\chart.tsx',
    'C:\\Users\\Toshiba\\Desktop\\Online-Learning-Plan\\client\\src\\components\\ui\\checkbox.tsx',
    'C:\\Users\\Toshiba\\Desktop\\Online-Learning-Plan\\client\\src\\components\\ui\\collapsible.tsx',
    'C:\\Users\\Toshiba\\Desktop\\Online-Learning-Plan\\client\\src\\components\\ui\\command.tsx',
    'C:\\Users\\Toshiba\\Desktop\\Online-Learning-Plan\\client\\src\\components\\ui\\context-menu.tsx',
    'C:\\Users\\Toshiba\\Desktop\\Online-Learning-Plan\\client\\src\\components\\ui\\dialog.tsx',
    'C:\\Users\\Toshiba\\Desktop\\Online-Learning-Plan\\client\\src\\components\\ui\\drawer.tsx',
    'C:\\Users\\Toshiba\\Desktop\\Online-Learning-Plan\\client\\src\\components\\ui\\dropdown-menu.tsx',
    'C:\\Users\\Toshiba\\Desktop\\Online-Learning-Plan\\client\\src\\components\\ui\\empty.tsx',
    'C:\\Users\\Toshiba\\Desktop\\Online-Learning-Plan\\client\\src\\components\\ui\\field.tsx',
    'C:\\Users\\Toshiba\\Desktop\\Online-Learning-Plan\\client\\src\\components\\ui\\form.tsx',
    'C:\\Users\\Toshiba\\Desktop\\Online-Learning-Plan\\client\\src\\components\\ui\\hover-card.tsx',
    'C:\\Users\\Toshiba\\Desktop\\Online-Learning-Plan\\client\\src\\components\\ui\\input-group.tsx',
    'C:\\Users\\Toshiba\\Desktop\\Online-Learning-Plan\\client\\src\\components\\ui\\input-otp.tsx',
    'C:\\Users\\Toshiba\\Desktop\\Online-Learning-Plan\\client\\src\\components\\ui\\input.tsx',
    'C:\\Users\\Toshiba\\Desktop\\Online-Learning-Plan\\client\\src\\components\\ui\\item.tsx',
    'C:\\Users\\Toshiba\\Desktop\\Online-Learning-Plan\\client\\src\\components\\ui\\kbd.tsx',
    'C:\\Users\\Toshiba\\Desktop\\Online-Learning-Plan\\client\\src\\components\\ui\\label.tsx',
    'C:\\Users\\Toshiba\\Desktop\\Online-Learning-Plan\\client\\src\\components\\ui\\menubar.tsx',
    'C:\\Users\\Toshiba\\Desktop\\Online-Learning-Plan\\client\\src\\components\\ui\\navigation-menu.tsx',
    'C:\\Users\\Toshiba\\Desktop\\Online-Learning-Plan\\client\\src\\components\\ui\\pagination.tsx',
    'C:\\Users\\Toshiba\\Desktop\\Online-Learning-Plan\\client\\src\\components\\ui\\popover.tsx',
    'C:\\Users\\Toshiba\\Desktop\\Online-Learning-Plan\\client\\src\\components\\ui\\progress.tsx',
    'C:\\Users\\Toshiba\\Desktop\\Online-Learning-Plan\\client\\src\\components\\ui\\radio-group.tsx',
    'C:\\Users\\Toshiba\\Desktop\\Online-Learning-Plan\\client\\src\\components\\ui\\resizable.tsx',
    'C:\\Users\\Toshiba\\Desktop\\Online-Learning-Plan\\client\\src\\components\\ui\\scroll-area.tsx',
    'C:\\Users\\Toshiba\\Desktop\\Online-Learning-Plan\\client\\src\\components\\ui\\select.tsx',
    'C:\\Users\\Toshiba\\Desktop\\Online-Learning-Plan\\client\\src\\components\\ui\\separator.tsx',
    'C:\\Users\\Toshiba\\Desktop\\Online-Learning-Plan\\client\\src\\components\\ui\\sheet.tsx',
    'C:\\Users\\Toshiba\\Desktop\\Online-Learning-Plan\\client\\src\\components\\ui\\sidebar.tsx',
    'C:\\Users\\Toshiba\\Desktop\\Online-Learning-Plan\\client\\src\\components\\ui\\skeleton.tsx',
    'C:\\Users\\Toshiba\\Desktop\\Online-Learning-Plan\\client\\src\\components\\ui\\slider.tsx',
    'C:\\Users\\Toshiba\\Desktop\\Online-Learning-Plan\\client\\src\\components\\ui\\sonner.tsx',
    'C:\\Users\\Toshiba\\Desktop\\Online-Learning-Plan\\client\\src\\components\\ui\\spinner.tsx',
    'C:\\Users\\Toshiba\\Desktop\\Online-Learning-Plan\\client\\src\\components\\ui\\switch.tsx',
    'C:\\Users\\Toshiba\\Desktop\\Online-Learning-Plan\\client\\src\\components\\ui\\table.tsx',
    'C:\\Users\\Toshiba\\Desktop\\Online-Learning-Plan\\client\\src\\components\\ui\\tabs.tsx',
    'C:\\Users\\Toshiba\\Desktop\\Online-Learning-Plan\\client\\src\\components\\ui\\textarea.tsx',
    'C:\\Users\\Toshiba\\Desktop\\Online-Learning-Plan\\client\\src\\components\\ui\\toast.tsx',
    'C:\\Users\\Toshiba\\Desktop\\Online-Learning-Plan\\client\\src\\components\\ui\\toaster.tsx',
    'C:\\Users\\Toshiba\\Desktop\\Online-Learning-Plan\\client\\src\\components\\ui\\toggle-group.tsx',
    'C:\\Users\\Toshiba\\Desktop\\Online-Learning-Plan\\client\\src\\components\\ui\\toggle.tsx',
    'C:\\Users\\Toshiba\\Desktop\\Online-Learning-Plan\\client\\src\\components\\ui\\tooltip.tsx',
    'C:\\Users\\Toshiba\\Desktop\\Online-Learning-Plan\\client\\src\\hooks\\use-auth.ts',
    'C:\\Users\\Toshiba\\Desktop\\Online-Learning-Plan\\client\\src\\hooks\\use-cart.ts',
    'C:\\Users\\Toshiba\\Desktop\\Online-Learning-Plan\\client\\src\\hooks\\use-mobile.tsx',
    'C:\\Users\\Toshiba\\Desktop\\Online-Learning-Plan\\client\\src\\hooks\\use-toast.ts',
    'C:\\Users\\Toshiba\\Desktop\\Online-Learning-Plan\\client\\src\\lib\\api.ts',
    'C:\\Users\\Toshiba\\Desktop\\Online-Learning-Plan\\client\\src\\lib\\queryClient.ts',
    'C:\\Users\\Toshiba\\Desktop\\Online-Learning-Plan\\client\\src\\lib\\utils.ts',
    'C:\\Users\\Toshiba\\Desktop\\Online-Learning-Plan\\client\\src\\main.tsx',
    'C:\\Users\\Toshiba\\Desktop\\Online-Learning-Plan\\client\\src\\pages\\admin-login.tsx',
    'C:\\Users\\Toshiba\\Desktop\\Online-Learning-Plan\\client\\src\\pages\\admin.tsx',
    'C:\\Users\\Toshiba\\Desktop\\Online-Learning-Plan\\client\\src\\pages\\auth.tsx',
    'C:\\Users\\Toshiba\\Desktop\\Online-Learning-Plan\\client\\src\\pages\\cart.tsx',
    'C:\\Users\\Toshiba\\Desktop\\Online-Learning-Plan\\client\\src\\pages\\home.tsx',
    'C:\\Users\\Toshiba\\Desktop\\Online-Learning-Plan\\client\\src\\pages\\not-found.tsx',
    'C:\\Users\\Toshiba\\Desktop\\Online-Learning-Plan\\client\\src\\pages\\product-details.tsx',
    'C:\\Users\\Toshiba\\Desktop\\Online-Learning-Plan\\client\\src\\pages\\shop.tsx',
    'C:\\Users\\Toshiba\\Desktop\\Online-Learning-Plan\\client\\src\\pages\\use-wishlist.ts',
    '*',
    'src/**/*.{,aspx,astro,cjs,css,cts,eex,erb,gjs,gts,haml,handlebars,hbs,heex,html,jade,js,jsx,liquid,md,mdx,mjs,mts,mustache,njk,nunjucks,php,pug,py,razor,rb,rhtml,rs,slim,svelte,tpl,ts,tsx,twig,vue}',
    'C:/Users/Toshiba/Desktop/Online-Learning-Plan/node_modules/react/cjs/react-jsx-runtime.production.js',
    'C:/Users/Toshiba/Desktop/Online-Learning-Plan/node_modules/react-dom/cjs/react-dom-client.production.js',
    'C:/Users/Toshiba/Desktop/Online-Learning-Plan/node_modules/@tanstack/react-query/build/modern/index.js',
    'C:/Users/Toshiba/Desktop/Online-Learning-Plan/node_modules/wouter/src/index.js',
    'C:/Users/Toshiba/Desktop/Online-Learning-Plan/client/src/lib/queryClient.ts',
    'C:/Users/Toshiba/Desktop/Online-Learning-Plan/client/src/components/ui/toaster.tsx',
    'C:/Users/Toshiba/Desktop/Online-Learning-Plan/client/src/pages/not-found.tsx',
    'C:/Users/Toshiba/Desktop/Online-Learning-Plan/client/src/pages/home.tsx',
    'C:/Users/Toshiba/Desktop/Online-Learning-Plan/client/src/pages/shop.tsx',
    ... 1087 more items
  ]
}
